main.c:90:6:Display7SEG	16	static
main.c:102:6:Clear7SEG	8	static
main.c:112:6:WriteEnState7SEG	16	static
main.c:119:6:ClearEnState7SEG	8	static
main.c:127:6:FillEnState7SEG	8	static
main.c:134:6:update7SEG	16	static
main.c:158:6:updateClockBuffer	4	static
main.c:165:6:setTimer0	16	static
main.c:170:6:runTimer0	4	static
main.c:179:6:setTimer1	16	static
main.c:184:6:runTimer1	4	static
main.c:199:5:main	8	static
main.c:275:6:SystemClock_Config	72	static
main.c:311:13:MX_TIM2_Init	32	static
main.c:356:13:MX_GPIO_Init	32	static
main.c:393:6:HAL_TIM_PeriodElapsedCallback	16	static
main.c:413:6:Error_Handler	4	static,ignoring_inline_asm
