main.c:85:6:Display7SEG	16	static
main.c:97:6:Clear7SEG	8	static
main.c:107:6:WriteEnState7SEG	16	static
main.c:114:6:ClearEnState7SEG	8	static
main.c:122:6:FillEnState7SEG	8	static
main.c:129:6:update7SEG	16	static
main.c:153:6:updateClockBuffer	4	static
main.c:160:6:setTimer0	16	static
main.c:165:6:runTimer0	4	static
main.c:180:5:main	8	static
main.c:249:6:SystemClock_Config	72	static
main.c:285:13:MX_TIM2_Init	32	static
main.c:330:13:MX_GPIO_Init	32	static
main.c:367:6:HAL_TIM_PeriodElapsedCallback	16	static
main.c:393:6:Error_Handler	4	static,ignoring_inline_asm
